This is XeTeX, Version 3.141592653-2.6-0.999997 (MiKTeX 25.12) (preloaded format=xelatex 2026.8.23)  23 AUG 2026 13:56
entering extended mode
 restricted \write18 enabled.
 %&-line parsing enabled.
**./paper.tex
(paper.tex
LaTeX2e <2025-11-01>
L3 programming layer <2025-12-24>
(E:\MiKTeX\tex/latex/base\article.cls
Document Class: article 2025/01/22 v1.4n Standard LaTeX document class
(E:\MiKTeX\tex/latex/base\size11.clo
File: size11.clo 2025/01/22 v1.4n Standard LaTeX file (size option)
)
\c@part=\count271
\c@section=\count272
\c@subsection=\count273
\c@subsubsection=\count274
\c@paragraph=\count275
\c@subparagraph=\count276
\c@figure=\count277
\c@table=\count278
\abovecaptionskip=\skip49
\belowcaptionskip=\skip50
\bibindent=\dimen148
) (acl.sty
Conference Style for ACL
(E:\MiKTeX\tex/latex/xcolor\xcolor.sty
Package: xcolor 2024/09/29 v3.02 LaTeX color extensions (UK)

(E:\MiKTeX\tex/latex/graphics-cfg\color.cfg
File: color.cfg 2016/01/02 v1.6 sample color configuration
)
Package xcolor Info: Driver file: xetex.def on input line 274.

(E:\MiKTeX\tex/latex/graphics-def\xetex.def
File: xetex.def 2025/11/01 v5.0p Graphics/color driver for xetex
)
(E:\MiKTeX\tex/latex/graphics\mathcolor.ltx)
Package xcolor Info: Model `cmy' substituted by `cmy0' on input line 1349.
Package xcolor Info: Model `RGB' extended on input line 1365.
Package xcolor Info: Model `HTML' substituted by `rgb' on input line 1367.
Package xcolor Info: Model `Hsb' substituted by `hsb' on input line 1368.
Package xcolor Info: Model `tHsb' substituted by `hsb' on input line 1369.
Package xcolor Info: Model `HSB' substituted by `hsb' on input line 1370.
Package xcolor Info: Model `Gray' substituted by `gray' on input line 1371.
Package xcolor Info: Model `wave' substituted by `hsb' on input line 1372.
)
(E:\MiKTeX\tex/latex/lineno\lineno.sty
Package: lineno 2026/03/08 line numbers on paragraphs v5.9

(E:\MiKTeX\tex/latex/etoolbox\etoolbox.sty
Package: etoolbox 2025/10/02 v2.5m e-TeX tools for LaTeX (JAW)
\etb@tempcnta=\count279
)
(E:\MiKTeX\tex/latex/kvoptions\kvoptions.sty
Package: kvoptions 2022-06-15 v3.15 Key value format for package options (HO)

(E:\MiKTeX\tex/latex/graphics\keyval.sty
Package: keyval 2022/05/29 v1.15 key=value parser (DPC)
\KV@toks@=\toks17
)
(E:\MiKTeX\tex/generic/ltxcmds\ltxcmds.sty
Package: ltxcmds 2023-12-04 v1.26 LaTeX kernel commands for general use (HO)
)
(E:\MiKTeX\tex/latex/kvsetkeys\kvsetkeys.sty
Package: kvsetkeys 2022-10-05 v1.19 Key value parser (HO)
))
\linenopenalty=\count280
\output=\toks18
\linenoprevgraf=\count281
\linenumbersep=\dimen149
\linenumberwidth=\dimen150
\c@linenumber=\count282
\c@pagewiselinenumber=\count283
\c@LN@truepage=\count284
\c@internallinenumber=\count285
\c@internallinenumbers=\count286
\quotelinenumbersep=\dimen151
\bframerule=\dimen152
\bframesep=\dimen153
\bframebox=\box53
)
\cv@tmpc@=\count287
\cv@tmpc=\count288

(E:\MiKTeX\tex/latex/geometry\geometry.sty
Package: geometry 2026/03/07 v6.0 Page Geometry

(E:\MiKTeX\tex/generic/iftex\ifvtex.sty
Package: ifvtex 2019/10/25 v1.7 ifvtex legacy package. Use iftex instead.
 (E:\MiKTeX\tex/generic/iftex\iftex.sty
Package: iftex 2024/12/12 v1.0g TeX engine tests
))
\Gm@cnth=\count289
\Gm@cntv=\count290
\c@Gm@tempcnt=\count291
\Gm@bindingoffset=\dimen154
\Gm@wd@mp=\dimen155
\Gm@odd@mp=\dimen156
\Gm@even@mp=\dimen157
\Gm@layoutwidth=\dimen158
\Gm@layoutheight=\dimen159
\Gm@layouthoffset=\dimen160
\Gm@layoutvoffset=\dimen161
\Gm@dimlist=\toks19
 (E:\MiKTeX\tex/latex/geometry\geometry.cfg))
\titlebox=\skip51

(E:\MiKTeX\tex/latex/caption\caption.sty
Package: caption 2023/08/05 v3.6o Customizing captions (AR)

(E:\MiKTeX\tex/latex/caption\caption3.sty
Package: caption3 2023/07/31 v2.4d caption3 kernel (AR)
\caption@tempdima=\dimen162
\captionmargin=\dimen163
\caption@leftmargin=\dimen164
\caption@rightmargin=\dimen165
\caption@width=\dimen166
\caption@indent=\dimen167
\caption@parindent=\dimen168
\caption@hangindent=\dimen169
Package caption Info: Standard document class detected.
)
\c@caption@flags=\count292
\c@continuedfloat=\count293
)
(E:\MiKTeX\tex/latex/natbib\natbib.sty
Package: natbib 2010/09/13 8.31b (PWD, AO)
\bibhang=\skip52
\bibsep=\skip53
LaTeX Info: Redefining \cite on input line 694.
\c@NAT@ctr=\count294
)
(E:\MiKTeX\tex/latex/hyperref\hyperref.sty
Package: hyperref 2025-07-12 v7.01o Hypertext links for LaTeX

(E:\MiKTeX\tex/generic/kvdefinekeys\kvdefinekeys.sty
Package: kvdefinekeys 2019-12-19 v1.6 Define keys (HO)
)
(E:\MiKTeX\tex/generic/pdfescape\pdfescape.sty
Package: pdfescape 2019/12/09 v1.15 Implements pdfTeX's escape features (HO)

(E:\MiKTeX\tex/generic/pdftexcmds\pdftexcmds.sty
Package: pdftexcmds 2020-06-27 v0.33 Utility functions of pdfTeX for LuaTeX (HO
)

(E:\MiKTeX\tex/generic/infwarerr\infwarerr.sty
Package: infwarerr 2019/12/03 v1.5 Providing info/warning/error messages (HO)
)
Package pdftexcmds Info: \pdf@primitive is available.
Package pdftexcmds Info: \pdf@ifprimitive is available.
Package pdftexcmds Info: \pdfdraftmode not found.
))
(E:\MiKTeX\tex/latex/hycolor\hycolor.sty
Package: hycolor 2020-01-27 v1.10 Color options for hyperref/bookmark (HO)
)
(E:\MiKTeX\tex/latex/hyperref\nameref.sty
Package: nameref 2025-06-21 v2.57 Cross-referencing by name of section

(E:\MiKTeX\tex/latex/refcount\refcount.sty
Package: refcount 2019/12/15 v3.6 Data extraction from label references (HO)
)
(E:\MiKTeX\tex/generic/gettitlestring\gettitlestring.sty
Package: gettitlestring 2019/12/15 v1.6 Cleanup title references (HO)
)
\c@section@level=\count295
)
(E:\MiKTeX\tex/generic/stringenc\stringenc.sty
Package: stringenc 2019/11/29 v1.12 Convert strings between diff. encodings (HO
)
)
\@linkdim=\dimen170
\Hy@linkcounter=\count296
\Hy@pagecounter=\count297

(E:\MiKTeX\tex/latex/hyperref\pd1enc.def
File: pd1enc.def 2025-07-12 v7.01o Hyperref: PDFDocEncoding definition (HO)
)
(E:\MiKTeX\tex/generic/intcalc\intcalc.sty
Package: intcalc 2019/12/15 v1.3 Expandable calculations with integers (HO)
)
\Hy@SavedSpaceFactor=\count298

(E:\MiKTeX\tex/latex/hyperref\puenc.def
File: puenc.def 2025-07-12 v7.01o Hyperref: PDF Unicode definition (HO)
)
Package hyperref Info: Option `breaklinks' set `true' on input line 4066.
Package hyperref Info: Hyper figures OFF on input line 4195.
Package hyperref Info: Link nesting OFF on input line 4200.
Package hyperref Info: Hyper index ON on input line 4203.
Package hyperref Info: Plain pages OFF on input line 4210.
Package hyperref Info: Backreferencing OFF on input line 4215.
Package hyperref Info: Implicit mode ON; LaTeX internals redefined.
Package hyperref Info: Bookmarks ON on input line 4462.
\c@Hy@tempcnt=\count299
 (E:\MiKTeX\tex/latex/url\url.sty
\Urlmuskip=\muskip17
Package: url 2013/09/16  ver 3.4  Verb mode for urls, etc.
)
LaTeX Info: Redefining \url on input line 4801.
\XeTeXLinkMargin=\dimen171

(E:\MiKTeX\tex/generic/bitset\bitset.sty
Package: bitset 2019/12/09 v1.3 Handle bit-vector datatype (HO)

(E:\MiKTeX\tex/generic/bigintcalc\bigintcalc.sty
Package: bigintcalc 2019/12/15 v1.5 Expandable calculations on big integers (HO
)
))
\Fld@menulength=\count300
\Field@Width=\dimen172
\Fld@charsize=\dimen173
Package hyperref Info: Hyper figures OFF on input line 6078.
Package hyperref Info: Link nesting OFF on input line 6083.
Package hyperref Info: Hyper index ON on input line 6086.
Package hyperref Info: backreferencing OFF on input line 6093.
Package hyperref Info: Link coloring OFF on input line 6098.
Package hyperref Info: Link coloring with OCG OFF on input line 6103.
Package hyperref Info: PDF/A mode OFF on input line 6108.
\Hy@abspage=\count301
\c@Item=\count302
\c@Hfootnote=\count303
)
Package hyperref Info: Driver (autodetected): hxetex.

(E:\MiKTeX\tex/latex/hyperref\hxetex.def
File: hxetex.def 2025-07-12 v7.01o Hyperref driver for XeTeX
\pdfm@box=\box54
\c@Hy@AnnotLevel=\count304
\HyField@AnnotCount=\count305
\Fld@listcount=\count306
\c@bookmark@seq@number=\count307

(E:\MiKTeX\tex/latex/rerunfilecheck\rerunfilecheck.sty
Package: rerunfilecheck 2025-06-21 v1.11 Rerun checks for auxiliary files (HO)

(E:\MiKTeX\tex/generic/uniquecounter\uniquecounter.sty
Package: uniquecounter 2019/12/15 v1.4 Provide unlimited unique counter (HO)
)
Package uniquecounter Info: New unique counter `rerunfilecheck' on input line 2
84.
)
\Hy@SectionHShift=\skip54
)
Package hyperref Info: Option `colorlinks' set `true' on input line 305.
)
(E:\MiKTeX\tex/latex/microtype\microtype.sty
Package: microtype 2026/03/01 v3.2d Micro-typographical refinements (RS)
\MT@toks=\toks20
\MT@tempbox=\box55
\MT@count=\count308
LaTeX Info: Redefining \noprotrusionifhmode on input line 1084.
LaTeX Info: Redefining \leftprotrusion on input line 1085.
\MT@prot@toks=\toks21
LaTeX Info: Redefining \rightprotrusion on input line 1104.
LaTeX Info: Redefining \textls on input line 1449.
\MT@outer@kern=\dimen174
LaTeX Info: Redefining \microtypecontext on input line 2053.
LaTeX Info: Redefining \textmicrotypecontext on input line 2070.
\MT@listname@count=\count309

(E:\MiKTeX\tex/latex/microtype\microtype-xetex.def
File: microtype-xetex.def 2026/03/01 v3.2d Definitions specific to xetex (RS)
LaTeX Info: Redefining \lsstyle on input line 443.
LaTeX Info: Redefining \lslig on input line 451.
\MT@outer@space=\skip55
)
Package microtype Info: Loading configuration file microtype.cfg.

(E:\MiKTeX\tex/latex/microtype\microtype.cfg
File: microtype.cfg 2026/03/01 v3.2d microtype main configuration file (RS)
)
LaTeX Info: Redefining \microtypesetup on input line 3065.
)
(E:\MiKTeX\tex/latex/graphics\graphicx.sty
Package: graphicx 2024/12/31 v1.2e Enhanced LaTeX Graphics (DPC,SPQR)

(E:\MiKTeX\tex/latex/graphics\graphics.sty
Package: graphics 2024/08/06 v1.4g Standard LaTeX Graphics (DPC,SPQR)

(E:\MiKTeX\tex/latex/graphics\trig.sty
Package: trig 2023/12/02 v1.11 sin cos tan (DPC)
)
(E:\MiKTeX\tex/latex/graphics-cfg\graphics.cfg
File: graphics.cfg 2016/06/04 v1.11 sample graphics configuration
)
Package graphics Info: Driver file: xetex.def on input line 106.
)
\Gin@req@height=\dimen175
\Gin@req@width=\dimen176
)
(E:\MiKTeX\tex/latex/booktabs\booktabs.sty
Package: booktabs 2020/01/12 v1.61803398 Publication quality tables
\heavyrulewidth=\dimen177
\lightrulewidth=\dimen178
\cmidrulewidth=\dimen179
\belowrulesep=\dimen180
\belowbottomsep=\dimen181
\aboverulesep=\dimen182
\abovetopsep=\dimen183
\cmidrulesep=\dimen184
\cmidrulekern=\dimen185
\defaultaddspace=\dimen186
\@cmidla=\count310
\@cmidlb=\count311
\@aboverulesep=\dimen187
\@belowrulesep=\dimen188
\@thisruleclass=\count312
\@lastruleclass=\count313
\@thisrulewidth=\dimen189
)
(E:\MiKTeX\tex/latex/amsmath\amsmath.sty
Package: amsmath 2025/07/09 v2.17z AMS math features
\@mathmargin=\skip56

For additional information on amsmath, use the `?' option.
(E:\MiKTeX\tex/latex/amsmath\amstext.sty
Package: amstext 2024/11/17 v2.01 AMS text

(E:\MiKTeX\tex/latex/amsmath\amsgen.sty
File: amsgen.sty 1999/11/30 v2.0 generic functions
\@emptytoks=\toks22
\ex@=\dimen190
))
(E:\MiKTeX\tex/latex/amsmath\amsbsy.sty
Package: amsbsy 1999/11/29 v1.2d Bold Symbols
\pmbraise@=\dimen191
)
(E:\MiKTeX\tex/latex/amsmath\amsopn.sty
Package: amsopn 2022/04/08 v2.04 operator names
)
\inf@bad=\count314
LaTeX Info: Redefining \frac on input line 233.
\uproot@=\count315
\leftroot@=\count316
LaTeX Info: Redefining \overline on input line 398.
LaTeX Info: Redefining \colon on input line 409.
\classnum@=\count317
\DOTSCASE@=\count318
LaTeX Info: Redefining \ldots on input line 495.
LaTeX Info: Redefining \dots on input line 498.
LaTeX Info: Redefining \cdots on input line 619.
\Mathstrutbox@=\box56
\strutbox@=\box57
LaTeX Info: Redefining \big on input line 721.
LaTeX Info: Redefining \Big on input line 722.
LaTeX Info: Redefining \bigg on input line 723.
LaTeX Info: Redefining \Bigg on input line 724.
\big@size=\dimen192
LaTeX Font Info:    Redeclaring font encoding OML on input line 742.
LaTeX Font Info:    Redeclaring font encoding OMS on input line 743.
\macc@depth=\count319
LaTeX Info: Redefining \bmod on input line 904.
LaTeX Info: Redefining \pmod on input line 909.
LaTeX Info: Redefining \smash on input line 939.
LaTeX Info: Redefining \relbar on input line 969.
LaTeX Info: Redefining \Relbar on input line 970.
\c@MaxMatrixCols=\count320
\dotsspace@=\muskip18
\c@parentequation=\count321
\dspbrk@lvl=\count322
\tag@help=\toks23
\row@=\count323
\column@=\count324
\maxfields@=\count325
\andhelp@=\toks24
\eqnshift@=\dimen193
\alignsep@=\dimen194
\tagshift@=\dimen195
\tagwidth@=\dimen196
\totwidth@=\dimen197
\lineht@=\dimen198
\@envbody=\toks25
\multlinegap=\skip57
\multlinetaggap=\skip58
\mathdisplay@stack=\toks26
LaTeX Info: Redefining \[ on input line 2950.
LaTeX Info: Redefining \] on input line 2951.
)
\@LN@amsmath@ams@eqpen=\count326

(E:\MiKTeX\tex/latex/amsfonts\amssymb.sty
Package: amssymb 2013/01/14 v3.01 AMS font symbols

(E:\MiKTeX\tex/latex/amsfonts\amsfonts.sty
Package: amsfonts 2013/01/14 v3.01 Basic AMSFonts support
\symAMSa=\mathgroup4
\symAMSb=\mathgroup5
LaTeX Font Info:    Redeclaring math symbol \hbar on input line 98.
LaTeX Font Info:    Overwriting math alphabet `\mathfrak' in version `bold'
(Font)                  U/euf/m/n --> U/euf/b/n on input line 106.
))
(E:\MiKTeX\tex/generic/babel\babel.sty
Package: babel 2025/12/11 v25.17 The multilingual framework for LuaLaTeX, pdfLa
TeX and XeLaTeX
\babel@savecnt=\count327
LaTeX Encoding Info:    Redeclaring text command \ij (encoding OT1) on input li
ne 2068.
LaTeX Encoding Info:    Redeclaring text command \IJ (encoding OT1) on input li
ne 2070.
LaTeX Encoding Info:    Redeclaring text command \ij (encoding T1) on input lin
e 2072.
LaTeX Encoding Info:    Redeclaring text command \IJ (encoding T1) on input lin
e 2073.
LaTeX Encoding Info:    Ignoring declaration for text command \ij (encoding ?) 
on input line 2074.
LaTeX Encoding Info:    Ignoring declaration for text command \IJ (encoding ?) 
on input line 2076.
LaTeX Encoding Info:    Ignoring declaration for text command \SS (encoding ?) 
on input line 2101.
\U@D=\dimen199
\l@unhyphenated=\language79
 (E:\MiKTeX\tex/generic/babel\xebabel.def)
\bbl@readstream=\read2
\bbl@dirlevel=\count328
Package babel Info: Configuration files are deprecated, as
(babel)             they can break document portability.
(babel)             Reported on input line 4196.

*************************************
* Local config file bblopts.cfg used
*
(E:\MiKTeX\tex/latex/arabi\bblopts.cfg
File: bblopts.cfg 2005/09/08 v0.1 add Arabic and Farsi to "declared" options of
 babel
)
(E:\MiKTeX\tex/generic/babel/locale/vi\babel-vietnamese.tex)
(E:\MiKTeX\tex/generic/babel/locale/en\babel-english.tex)
Package babel Info: Importing font and identification data for vietnamese
(babel)             from babel-vi.ini. Reported on input line 4320.

(E:\MiKTeX\tex/latex/babel-vietnamese\vietnamese.ldf
Language: vietnamese 


Package babel Warning: No hyphenation patterns were preloaded for
(babel)                the language 'Vietnamese' into the format.
(babel)                Please, configure your TeX system to add them and
(babel)                rebuild the format. Now I will use the patterns
(babel)                preloaded for \language=0 instead on input line 36.

Package babel Info: Hyphen rules for 'vietnamese' set to \l@english
(babel)             (\language0). Reported on input line 37.
Package babel Info: Hyphen rules for 'vietnam' set to \l@english
(babel)             (\language0). Reported on input line 38.
Package babel Info: Making " an active character on input line 147.
)
Package babel Info: Importing font and identification data for english
(babel)             from babel-en.ini. Reported on input line 4320.
 (E:\MiKTeX\tex/latex/babel-english\english.ldf
Language: english 2017/06/06 v3.3r English support from the babel system
Package babel Info: Hyphen rules for 'canadian' set to \l@english
(babel)             (\language0). Reported on input line 102.
Package babel Info: Hyphen rules for 'australian' set to \l@ukenglish
(babel)             (\language73). Reported on input line 105.
Package babel Info: Hyphen rules for 'newzealand' set to \l@ukenglish
(babel)             (\language73). Reported on input line 108.
))
(E:\MiKTeX\tex/latex/fontspec\fontspec.sty
(E:\MiKTeX\tex/latex/l3packages/xparse\xparse.sty
(E:\MiKTeX\tex/latex/l3kernel\expl3.sty
Package: expl3 2025-12-24 L3 programming layer (loader) 

(E:\MiKTeX\tex/latex/l3backend\l3backend-xetex.def
File: l3backend-xetex.def 2025-10-09 L3 backend support: XeTeX
\g__graphics_track_int=\count329
\g__pdfannot_backend_int=\count330
\g__pdfannot_backend_link_int=\count331
))
Package: xparse 2025-10-09 L3 Experimental document command parser
)
Package: fontspec 2025/09/29 v2.9g Font selection for XeLaTeX and LuaLaTeX

(E:\MiKTeX\tex/latex/fontspec\fontspec-xetex.sty
Package: fontspec-xetex 2025/09/29 v2.9g Font selection for XeLaTeX and LuaLaTe
X
\l__fontspec_script_int=\count332
\l__fontspec_language_int=\count333
\l__fontspec_strnum_int=\count334
\l__fontspec_tmp_int=\count335
\l__fontspec_tmpa_int=\count336
\l__fontspec_tmpb_int=\count337
\l__fontspec_tmpc_int=\count338
\l__fontspec_em_int=\count339
\l__fontspec_emdef_int=\count340
\l__fontspec_strong_int=\count341
\l__fontspec_strongdef_int=\count342
\l__fontspec_tmpa_dim=\dimen256
\l__fontspec_tmpb_dim=\dimen257
\l__fontspec_tmpc_dim=\dimen258

(E:\MiKTeX\tex/latex/base\fontenc.sty
Package: fontenc 2025/07/18 v2.1d Standard LaTeX package
)
(E:\MiKTeX\tex/latex/fontspec\fontspec.cfg)))

Package fontspec Info: 
(fontspec)             Language 'English' not explicitly supported within font
(fontspec)             'Noto Serif' with script 'Latin'. Check the typeset
(fontspec)             output, and if it is okay then ignore this warning.
(fontspec)             Otherwise a different font should be chosen.


Package fontspec Info: 
(fontspec)             Font family 'NotoSerif(0)' created for font 'Noto
(fontspec)             Serif' with options
(fontspec)             [Ligatures=TeX,Script=Latin,Language=English].
(fontspec)              
(fontspec)              This font family consists of the following NFSS
(fontspec)             series/shapes:
(fontspec)              
(fontspec)             - 'normal' (m/n) with NFSS spec.: <->"Noto
(fontspec)             Serif/OT:script=latn;language=ENG;mapping=tex-text;"
(fontspec)             - 'bold' (b/n) with NFSS spec.: <->"Noto
(fontspec)             Serif/B/OT:script=latn;language=ENG;mapping=tex-text;"
(fontspec)             - 'bold small caps'  (b/sc) with NFSS spec.: <->"Noto
(fontspec)             Serif/B/OT:script=latn;language=ENG;+smcp;mapping=tex-te
xt;"
(fontspec)             - 'italic' (m/it) with NFSS spec.: <->"Noto
(fontspec)             Serif/I/OT:script=latn;language=ENG;mapping=tex-text;"
(fontspec)             - 'italic small caps'  (m/scit) with NFSS spec.:
(fontspec)             <->"Noto
(fontspec)             Serif/I/OT:script=latn;language=ENG;+smcp;mapping=tex-te
xt;"
(fontspec)             - 'bold italic' (b/it) with NFSS spec.: <->"Noto
(fontspec)             Serif/BI/OT:script=latn;language=ENG;mapping=tex-text;"
(fontspec)             - 'bold italic small caps'  (b/scit) with NFSS spec.:
(fontspec)             <->"Noto
(fontspec)             Serif/BI/OT:script=latn;language=ENG;+smcp;mapping=tex-t
ext;"


Package fontspec Info: 
(fontspec)             Language 'English' not explicitly supported within font
(fontspec)             'Noto Sans' with script 'Latin'. Check the typeset
(fontspec)             output, and if it is okay then ignore this warning.
(fontspec)             Otherwise a different font should be chosen.


Package fontspec Info: 
(fontspec)             Font family 'NotoSans(0)' created for font 'Noto Sans'
(fontspec)             with options
(fontspec)             [Ligatures=TeX,Script=Latin,Language=English].
(fontspec)              
(fontspec)              This font family consists of the following NFSS
(fontspec)             series/shapes:
(fontspec)              
(fontspec)             - 'normal' (m/n) with NFSS spec.: <->"Noto
(fontspec)             Sans/OT:script=latn;language=ENG;mapping=tex-text;"
(fontspec)             - 'bold' (b/n) with NFSS spec.: <->"Noto
(fontspec)             Sans/B/OT:script=latn;language=ENG;mapping=tex-text;"
(fontspec)             - 'bold small caps'  (b/sc) with NFSS spec.: <->"Noto
(fontspec)             Sans/B/OT:script=latn;language=ENG;+smcp;mapping=tex-tex
t;"
(fontspec)             - 'italic' (m/it) with NFSS spec.: <->"Noto
(fontspec)             Sans/I/OT:script=latn;language=ENG;mapping=tex-text;"
(fontspec)             - 'italic small caps'  (m/scit) with NFSS spec.:
(fontspec)             <->"Noto
(fontspec)             Sans/I/OT:script=latn;language=ENG;+smcp;mapping=tex-tex
t;"
(fontspec)             - 'bold italic' (b/it) with NFSS spec.: <->"Noto
(fontspec)             Sans/BI/OT:script=latn;language=ENG;mapping=tex-text;"
(fontspec)             - 'bold italic small caps'  (b/scit) with NFSS spec.:
(fontspec)             <->"Noto
(fontspec)             Sans/BI/OT:script=latn;language=ENG;+smcp;mapping=tex-te
xt;"


Package fontspec Info: 
(fontspec)             Language 'English' not explicitly supported within font
(fontspec)             'Noto Sans Mono' with script 'Latin'. Check the typeset
(fontspec)             output, and if it is okay then ignore this warning.
(fontspec)             Otherwise a different font should be chosen.


Package fontspec Info: 
(fontspec)             Could not resolve font "Noto Sans Mono/I" (it probably
(fontspec)             doesn't exist).


Package fontspec Info: 
(fontspec)             Font family 'NotoSansMono(0)' created for font 'Noto
(fontspec)             Sans Mono' with options
(fontspec)             [WordSpace={1,0,0},HyphenChar=None,PunctuationSpace=Word
Space,Script=Latin,Language=English].
(fontspec)              
(fontspec)              This font family consists of the following NFSS
(fontspec)             series/shapes:
(fontspec)              
(fontspec)             - 'normal' (m/n) with NFSS spec.: <->"Noto Sans
(fontspec)             Mono/OT:script=latn;language=ENG;"
(fontspec)             - 'small caps'  (m/sc) with NFSS spec.: <->"Noto Sans
(fontspec)             Mono/OT:script=latn;language=ENG;+smcp;"
(fontspec)             and font adjustment code:
(fontspec)             \fontdimen 2\font =1\fontdimen 2\font \fontdimen 3\font
(fontspec)             =0\fontdimen 3\font \fontdimen 4\font =0\fontdimen
(fontspec)             4\font \fontdimen 7\font =0\fontdimen 2\font
(fontspec)             \tex_hyphenchar:D \font =-1\scan_stop: 
(fontspec)             - 'bold' (b/n) with NFSS spec.: <->"Noto Sans
(fontspec)             Mono/B/OT:script=latn;language=ENG;"
(fontspec)             - 'bold small caps'  (b/sc) with NFSS spec.: <->"Noto
(fontspec)             Sans Mono/B/OT:script=latn;language=ENG;+smcp;"
(fontspec)             and font adjustment code:
(fontspec)             \fontdimen 2\font =1\fontdimen 2\font \fontdimen 3\font
(fontspec)             =0\fontdimen 3\font \fontdimen 4\font =0\fontdimen
(fontspec)             4\font \fontdimen 7\font =0\fontdimen 2\font
(fontspec)             \tex_hyphenchar:D \font =-1\scan_stop: 
(fontspec)             - 'bold italic' (b/it) with NFSS spec.: <->"Noto Sans
(fontspec)             Mono/BI/OT:script=latn;language=ENG;"
(fontspec)             - 'bold italic small caps'  (b/scit) with NFSS spec.:
(fontspec)             <->"Noto Sans
(fontspec)             Mono/BI/OT:script=latn;language=ENG;+smcp;"
(fontspec)             and font adjustment code:
(fontspec)             \fontdimen 2\font =1\fontdimen 2\font \fontdimen 3\font
(fontspec)             =0\fontdimen 3\font \fontdimen 4\font =0\fontdimen
(fontspec)             4\font \fontdimen 7\font =0\fontdimen 2\font
(fontspec)             \tex_hyphenchar:D \font =-1\scan_stop: 

 (paper.aux)
\openout1 = `paper.aux'.

LaTeX Font Info:    Checking defaults for OML/cmm/m/it on input line 32.
LaTeX Font Info:    ... okay on input line 32.
LaTeX Font Info:    Checking defaults for OMS/cmsy/m/n on input line 32.
LaTeX Font Info:    ... okay on input line 32.
LaTeX Font Info:    Checking defaults for OT1/cmr/m/n on input line 32.
LaTeX Font Info:    ... okay on input line 32.
LaTeX Font Info:    Checking defaults for T1/cmr/m/n on input line 32.
LaTeX Font Info:    ... okay on input line 32.
LaTeX Font Info:    Checking defaults for TS1/cmr/m/n on input line 32.
LaTeX Font Info:    ... okay on input line 32.
LaTeX Font Info:    Checking defaults for TU/lmr/m/n on input line 32.
LaTeX Font Info:    ... okay on input line 32.
LaTeX Font Info:    Checking defaults for OMX/cmex/m/n on input line 32.
LaTeX Font Info:    ... okay on input line 32.
LaTeX Font Info:    Checking defaults for U/cmr/m/n on input line 32.
LaTeX Font Info:    ... okay on input line 32.
LaTeX Font Info:    Checking defaults for PD1/pdf/m/n on input line 32.
LaTeX Font Info:    ... okay on input line 32.
LaTeX Font Info:    Checking defaults for PU/pdf/m/n on input line 32.
LaTeX Font Info:    ... okay on input line 32.

*geometry* driver: auto-detecting
*geometry* detected driver: xetex
*geometry* verbose mode - [ preamble ] result:
* driver: xetex
* paper: a4paper
* layout: <same size as paper>
* layoutoffset:(h,v)=(0.0pt,0.0pt)
* modes: heightrounded 
* h-part:(L,W,R)=(71.13188pt, 455.24411pt, 71.13188pt)
* v-part:(T,H,B)=(71.13188pt, 702.78308pt, 71.13188pt)
* \paperwidth=597.50787pt
* \paperheight=845.04684pt
* \textwidth=455.24411pt
* \textheight=704.60031pt
* \oddsidemargin=-1.1381pt
* \evensidemargin=-1.1381pt
* \topmargin=-38.1381pt
* \headheight=12.0pt
* \headsep=25.0pt
* \topskip=11.0pt
* \footskip=30.0pt
* \marginparwidth=59.0pt
* \marginparsep=10.0pt
* \columnsep=17.07182pt
* \skip\footins=9.0pt plus 4.0pt minus 2.0pt
* \hoffset=0.0pt
* \voffset=0.0pt
* \mag=1000
* \@twocolumntrue
* \@twosidefalse
* \@mparswitchfalse
* \@reversemarginfalse
* (1in=72.27pt=25.4mm, 1cm=28.453pt)

Package caption Info: Begin \AtBeginDocument code.
Package caption Info: hyperref package is loaded.
Package caption Info: End \AtBeginDocument code.
Package hyperref Info: Link coloring ON on input line 32.
(paper.out) (paper.out)
\@outlinefile=\write3
\openout3 = `paper.out'.

LaTeX Info: Redefining \microtypecontext on input line 32.
Package microtype Info: Applying patch `item' on input line 32.
Package microtype Info: Applying patch `toc' on input line 32.
Package microtype Info: Applying patch `eqnum' on input line 32.
Package microtype Info: Applying patch `footnote' on input line 32.
Package microtype Info: Applying patch `verbatim' on input line 32.
LaTeX Info: Redefining \microtypesetup on input line 32.
Package microtype Info: Character protrusion enabled (level 2).
Package microtype Info: Using default protrusion set `alltext'.
Package microtype Info: No adjustment of tracking.
Package microtype Info: No adjustment of spacing.
Package microtype Info: No adjustment of kerning.
Package microtype Info: Loading generic protrusion settings for font family
(microtype)             `NotoSerif' (encoding: TU).
(microtype)             For optimal results, create family-specific settings.
(microtype)             See the microtype manual for details.

Package fontspec Info: 
(fontspec)             Adjusting the maths setup (use [no-math] to avoid
(fontspec)             this).

\symlegacymaths=\mathgroup6
LaTeX Font Info:    Overwriting symbol font `legacymaths' in version `bold'
(Font)                  OT1/cmr/m/n --> OT1/cmr/bx/n on input line 32.
LaTeX Font Info:    Redeclaring math accent \acute on input line 32.
LaTeX Font Info:    Redeclaring math accent \grave on input line 32.
LaTeX Font Info:    Redeclaring math accent \ddot on input line 32.
LaTeX Font Info:    Redeclaring math accent \tilde on input line 32.
LaTeX Font Info:    Redeclaring math accent \bar on input line 32.
LaTeX Font Info:    Redeclaring math accent \breve on input line 32.
LaTeX Font Info:    Redeclaring math accent \check on input line 32.
LaTeX Font Info:    Redeclaring math accent \hat on input line 32.
LaTeX Font Info:    Redeclaring math accent \dot on input line 32.
LaTeX Font Info:    Redeclaring math accent \mathring on input line 32.
LaTeX Font Info:    Redeclaring math symbol \Gamma on input line 32.
LaTeX Font Info:    Redeclaring math symbol \Delta on input line 32.
LaTeX Font Info:    Redeclaring math symbol \Theta on input line 32.
LaTeX Font Info:    Redeclaring math symbol \Lambda on input line 32.
LaTeX Font Info:    Redeclaring math symbol \Xi on input line 32.
LaTeX Font Info:    Redeclaring math symbol \Pi on input line 32.
LaTeX Font Info:    Redeclaring math symbol \Sigma on input line 32.
LaTeX Font Info:    Redeclaring math symbol \Upsilon on input line 32.
LaTeX Font Info:    Redeclaring math symbol \Phi on input line 32.
LaTeX Font Info:    Redeclaring math symbol \Psi on input line 32.
LaTeX Font Info:    Redeclaring math symbol \Omega on input line 32.
LaTeX Font Info:    Redeclaring math symbol \mathdollar on input line 32.
LaTeX Font Info:    Redeclaring symbol font `operators' on input line 32.
LaTeX Font Info:    Encoding `OT1' has changed to `TU' for symbol font
(Font)              `operators' in the math version `normal' on input line 32.
LaTeX Font Info:    Overwriting symbol font `operators' in version `normal'
(Font)                  OT1/cmr/m/n --> TU/NotoSerif(0)/m/n on input line 32.
LaTeX Font Info:    Encoding `OT1' has changed to `TU' for symbol font
(Font)              `operators' in the math version `bold' on input line 32.
LaTeX Font Info:    Overwriting symbol font `operators' in version `bold'
(Font)                  OT1/cmr/bx/n --> TU/NotoSerif(0)/m/n on input line 32.
LaTeX Font Info:    Overwriting symbol font `operators' in version `normal'
(Font)                  TU/NotoSerif(0)/m/n --> TU/NotoSerif(0)/m/n on input li
ne 32.
LaTeX Font Info:    Overwriting math alphabet `\mathit' in version `normal'
(Font)                  OT1/cmr/m/it --> TU/NotoSerif(0)/m/it on input line 32.

LaTeX Font Info:    Overwriting math alphabet `\mathbf' in version `normal'
(Font)                  OT1/cmr/bx/n --> TU/NotoSerif(0)/b/n on input line 32.
LaTeX Font Info:    Overwriting math alphabet `\mathsf' in version `normal'
(Font)                  OT1/cmss/m/n --> TU/NotoSans(0)/m/n on input line 32.
LaTeX Font Info:    Overwriting math alphabet `\mathtt' in version `normal'
(Font)                  OT1/cmtt/m/n --> TU/NotoSansMono(0)/m/n on input line 3
2.
LaTeX Font Info:    Overwriting symbol font `operators' in version `bold'
(Font)                  TU/NotoSerif(0)/m/n --> TU/NotoSerif(0)/b/n on input li
ne 32.
LaTeX Font Info:    Overwriting math alphabet `\mathit' in version `bold'
(Font)                  OT1/cmr/bx/it --> TU/NotoSerif(0)/b/it on input line 32
.
LaTeX Font Info:    Overwriting math alphabet `\mathsf' in version `bold'
(Font)                  OT1/cmss/bx/n --> TU/NotoSans(0)/b/n on input line 32.
LaTeX Font Info:    Overwriting math alphabet `\mathtt' in version `bold'
(Font)                  OT1/cmtt/m/n --> TU/NotoSansMono(0)/b/n on input line 3
2.
LaTeX Font Info:    Trying to load font information for U+msa on input line 33.

 (E:\MiKTeX\tex/latex/amsfonts\umsa.fd
File: umsa.fd 2013/01/14 v3.01 AMS symbols A
)
(E:\MiKTeX\tex/latex/microtype\mt-msa.cfg
File: mt-msa.cfg 2006/02/04 v1.1 microtype config. file: AMS symbols (a) (RS)
)
LaTeX Font Info:    Trying to load font information for U+msb on input line 33.


(E:\MiKTeX\tex/latex/amsfonts\umsb.fd
File: umsb.fd 2013/01/14 v3.01 AMS symbols B
)
(E:\MiKTeX\tex/latex/microtype\mt-msb.cfg
File: mt-msb.cfg 2005/06/01 v1.0 microtype config. file: AMS symbols (b) (RS)
)
(E:\MiKTeX\tex/latex/microtype\mt-cmr.cfg
File: mt-cmr.cfg 2013/05/19 v2.2 microtype config. file: Computer Modern Roman 
(RS)
)
Underfull \hbox (badness 1009) in paragraph at lines 75--95
[]\TU/NotoSerif(0)/m/n/10.95 Báo cáo này đóng góp trên bốn khía
 []


Underfull \hbox (badness 1383) in paragraph at lines 75--95
\TU/NotoSerif(0)/b/n/10.95 phương pháp đánh giá độ chính xác
 []

[1



]
Underfull \hbox (badness 1424) in paragraph at lines 127--135
\TU/NotoSerif(0)/m/n/10.95 biến thể tối ưu cho câu như Sentence-
 []


Underfull \hbox (badness 1147) in paragraph at lines 136--147
\TU/NotoSerif(0)/m/n/10.95 (VAE) nhận đầu vào là embedding ngữ
 []


Underfull \hbox (badness 1924) in paragraph at lines 136--147
[][]\TU/NotoSerif(0)/m/n/10.95 2023[][]) bổ sung một cơ chế điều chuẩn
 []


Underfull \hbox (badness 5050) in paragraph at lines 148--160
\TU/NotoSerif(0)/m/n/10.95 ([][]Angelov[][], [][]2020[][]) và BERTopic ([][]Gro
oten-
 []


Underfull \hbox (badness 1132) in paragraph at lines 148--160
\TU/NotoSerif(0)/m/n/10.95 vài chục chiều, sau đó dùng HDBSCAN
 []

[2]
Package microtype Info: Loading generic protrusion settings for font family
(microtype)             `NotoSansMono' (encoding: TU).
(microtype)             For optimal results, create family-specific settings.
(microtype)             See the microtype manual for details.

Underfull \hbox (badness 1097) in paragraph at lines 230--240
\TU/NotoSerif(0)/m/n/10.95 ron – toàn bộ pipeline có độ phức tạp
 []


Underfull \hbox (badness 2165) in paragraph at lines 230--240
\TU/NotoSerif(0)/m/n/10.95 cần bất kỳ bước đếm từ (BoW/TF-IDF)
 []


Underfull \hbox (badness 1436) in paragraph at lines 230--240
\TU/NotoSerif(0)/m/n/10.95 nào để \TU/NotoSerif(0)/m/it/10.95 tìm \TU/NotoSerif
(0)/m/n/10.95 chủ đề: từ vựng chỉ được
 []


Underfull \hbox (badness 4967) in paragraph at lines 230--240
\TU/NotoSerif(0)/m/n/10.95 dùng ở bước (3)–(5) để \TU/NotoSerif(0)/m/it/10.95 d
iễn giải \TU/NotoSerif(0)/m/n/10.95 các
 []


Underfull \hbox (badness 10000) in paragraph at lines 230--240
\TU/NotoSerif(0)/m/n/10.95 FastICA đúng theo Appendix C.1 của
 []


Underfull \hbox (badness 10000) in paragraph at lines 230--240
\TU/NotoSerif(0)/m/n/10.95 paper gốc (\TU/NotoSansMono(0)/m/n/10.95 algorithm="
parallel"\TU/NotoSerif(0)/m/n/10.95 ,
 []


Underfull \hbox (badness 10000) in paragraph at lines 230--240
\TU/NotoSansMono(0)/m/n/10.95 whiten="unit-variance"\TU/NotoSerif(0)/m/n/10.95 
,
 []


Underfull \hbox (badness 10000) in paragraph at lines 230--240
\TU/NotoSansMono(0)/m/n/10.95 whiten_solver="svd"\TU/NotoSerif(0)/m/n/10.95 ), 
triển khai
 []

[3]
File: figures/figure3.png Graphic file (type bmp)
<figures/figure3.png>

Underfull \hbox (badness 10000) in paragraph at lines 293--293
[]\TU/NotoSerif(0)/m/n/9 clustering, his-
 []


Underfull \hbox (badness 10000) in paragraph at lines 293--293
\TU/NotoSerif(0)/m/n/9 tograms, clusterings,
 []


Underfull \hbox (badness 10000) in paragraph at lines 296--298
[]\TU/NotoSerif(0)/m/n/9 matlab, waveforms,
 []


Underfull \hbox (badness 10000) in paragraph at lines 296--298
\TU/NotoSerif(0)/m/n/9 microcontroller,
 []


Underfull \hbox (badness 10000) in paragraph at lines 296--298
\TU/NotoSerif(0)/m/n/9 accelerometers, mi-
 []


Underfull \hbox (badness 1990) in paragraph at lines 298--298
\TU/NotoSerif(0)/m/n/9 ing, denoising, mini-
 []


Underfull \hbox (badness 10000) in paragraph at lines 299--300
\TU/NotoSerif(0)/m/n/9 chatbots, question-
 []


Underfull \hbox (badness 10000) in paragraph at lines 300--300
[]\TU/NotoSerif(0)/m/n/9 rebmigraph, sub-
 []


Underfull \hbox (badness 10000) in paragraph at lines 300--300
\TU/NotoSerif(0)/m/n/9 graph, subgraphs,
 []


Underfull \hbox (badness 10000) in paragraph at lines 301--303
[]\TU/NotoSerif(0)/m/n/9 adversarial, adver-
 []


Underfull \hbox (badness 10000) in paragraph at lines 301--303
\TU/NotoSerif(0)/m/n/9 sarially, adversari-
 []


Underfull \hbox (badness 10000) in paragraph at lines 301--303
\TU/NotoSerif(0)/m/n/9 alization, adversary,
 []


Underfull \hbox (badness 10000) in paragraph at lines 303--303
[]\TU/NotoSerif(0)/m/n/9 clustering, estima-
 []


Underfull \hbox (badness 10000) in paragraph at lines 303--303
\TU/NotoSerif(0)/m/n/9 tions, algorithm,
 []


Underfull \hbox (badness 10000) in paragraph at lines 304--305
[]\TU/NotoSerif(0)/m/n/9 cnn, deepmind,
 []


Underfull \hbox (badness 10000) in paragraph at lines 304--305
\TU/NotoSerif(0)/m/n/9 deeplabv3, convnet,
 []


Underfull \hbox (badness 1237) in paragraph at lines 312--324
\TU/NotoSerif(0)/m/n/10.95 đều có toạ độ trên mọi trục, chọn hai
 []


Underfull \hbox (badness 1320) in paragraph at lines 312--324
\TU/NotoSerif(0)/m/n/10.95 ical/Biological/Vision vs. Linguistic Prob-
 []

[4]
File: figures/figure7.png Graphic file (type bmp)
<figures/figure7.png>

Underfull \hbox (badness 1478) in paragraph at lines 334--341
\TU/NotoSerif(0)/m/n/10.95 nghĩa cho một tài liệu chưa từng thấy
 []


Underfull \hbox (badness 1033) in paragraph at lines 367--375
\TU/NotoSerif(0)/m/n/10.95 trùng lặp giữa các topic), và \TU/NotoSerif(0)/m/it/
10.95 Coherence
 []


Underfull \hbox (badness 2790) in paragraph at lines 367--375
\TU/NotoSerif(0)/m/n/10.95 chủ đề, được tính từ hai thành phần
 []


Underfull \hbox (badness 1152) in paragraph at lines 367--375
\TU/NotoSerif(0)/m/n/10.95 bình nhân để phạt nặng mô hình lệch
 []

File: figures/runtime.png Graphic file (type bmp)
<figures/runtime.png>
[5]
File: figures/robustness_wecex.png Graphic file (type bmp)
<figures/robustness_wecex.png>

Underfull \hbox (badness 3199) in paragraph at lines 446--459
 []\TU/NotoSerif(0)/b/n/10.95 Bộ dữ liệu.[] \TU/NotoSerif(0)/m/n/10.95 Nhóm thự
c nghiệm trên
 []


Underfull \hbox (badness 1048) in paragraph at lines 446--459
\TU/NotoSerif(0)/m/n/10.95 hai bộ dữ liệu tiếng Việt có nhãn thật,
 []


Underfull \hbox (badness 5331) in paragraph at lines 446--459
\TU/NotoSerif(0)/m/n/10.95 phù hợp với hai kiểu bài toán khác
 []


Underfull \hbox (badness 1502) in paragraph at lines 446--459
\TU/NotoSerif(0)/m/n/10.95 khía cạnh (BATTERY, CAMERA, DESIGN,
 []

[6]
Underfull \hbox (badness 10000) in paragraph at lines 473--482
 []\TU/NotoSerif(0)/b/n/10.95 So sánh encoder: CafeBERT vs.
 []


Underfull \hbox (badness 10000) in paragraph at lines 473--482
\TU/NotoSerif(0)/b/n/10.95 multilingual-E5.[] \TU/NotoSerif(0)/m/n/10.95 Đúng t
heo yêu cầu
 []


Underfull \hbox (badness 1275) in paragraph at lines 473--482
\TU/NotoSerif(0)/m/n/10.95 đề tài, nhóm so sánh trực tiếp hai en-
 []


Underfull \hbox (badness 10000) in paragraph at lines 473--482
\TU/NotoSerif(0)/m/n/10.95 CafeBERT (\TU/NotoSansMono(0)/m/n/10.95 uitnlp/CafeB
ERT\TU/NotoSerif(0)/m/n/10.95 , tự cài
 []


Underfull \hbox (badness 10000) in paragraph at lines 473--482
\TU/NotoSerif(0)/m/n/10.95 (\TU/NotoSansMono(0)/m/n/10.95 intfloat/multilingual
-e5-base\TU/NotoSerif(0)/m/n/10.95 ,
 []


Underfull \hbox (badness 10000) in paragraph at lines 473--482
\TU/NotoSerif(0)/m/n/10.95 sentence-transformer chuẩn);
 []

[7]
Overfull \hbox (44.70164pt too wide) in paragraph at lines 486--496
 [][] 
 []


Underfull \vbox (badness 3547) has occurred while \output is active []


Underfull \vbox (badness 3547) has occurred while \output is active []

 [8]
Underfull \hbox (badness 2818) in paragraph at lines 525--541
[]\TU/NotoSerif(0)/m/n/10.95 Kết quả trên ViSFD ($\OML/cmm/m/it/10.95 n[]topics
 \OT1/cmr/m/n/10.95 = 40$\TU/NotoSerif(0)/m/n/10.95 ,
 []


Underfull \hbox (badness 3746) in paragraph at lines 525--541
\TU/NotoSerif(0)/m/n/10.95 với một trục tốt nhất (CAMERA=0,864,
 []


Underfull \hbox (badness 10000) in paragraph at lines 525--541
\TU/NotoSerif(0)/m/n/10.95 PRICE=0,830, SCREEN=0,811, STOR-
 []


Underfull \hbox (badness 1418) in paragraph at lines 525--541
\TU/NotoSerif(0)/m/n/10.95 AGE=0,753), nhưng khi gộp toàn bộ 40
 []


Underfull \hbox (badness 1226) in paragraph at lines 525--541
\TU/NotoSerif(0)/m/n/10.95 trục, với một số domain gần như tách
 []


Underfull \hbox (badness 2343) in paragraph at lines 542--553
\TU/NotoSerif(0)/m/n/10.95 Diversity, Coherence và Interpretability
 []


Underfull \hbox (badness 1418) in paragraph at lines 542--553
\OML/cmm/m/it/10.95 n[]topics \OMS/cmsy/m/n/10.95 2 f\OT1/cmr/m/n/10.95 10\OML/
cmm/m/it/10.95 ; \OT1/cmr/m/n/10.95 20\OML/cmm/m/it/10.95 ; \OT1/cmr/m/n/10.95 
30\OML/cmm/m/it/10.95 ; \OT1/cmr/m/n/10.95 40\OML/cmm/m/it/10.95 ; \OT1/cmr/m/n
/10.95 50\OMS/cmsy/m/n/10.95 g$ \TU/NotoSerif(0)/m/n/10.95 trên ViSFD
 []


Underfull \hbox (badness 1248) in paragraph at lines 542--553
\TU/NotoSerif(0)/m/n/10.95 trên 0,8), trong khi coherence và điểm
 []


Underfull \hbox (badness 3396) in paragraph at lines 592--609
 []\TU/NotoSerif(0)/b/n/10.95 Ứng dụng 1: Bảng điều khiển phát
 []

[9]
Underfull \hbox (badness 1087) in paragraph at lines 610--625
\TU/NotoSerif(0)/m/n/10.95 Docker), nạp checkpoint S$[]$ huấn luyện
 []


Underfull \hbox (badness 1082) in paragraph at lines 610--625
\TU/NotoSerif(0)/m/n/10.95 trên UTS2017_Bank (2.471 câu hỏi/phản
 []


Underfull \hbox (badness 2680) in paragraph at lines 610--625
\TU/NotoSerif(0)/m/n/10.95 ánh, 14 nhãn phòng ban thật: CARD,
 []


Underfull \hbox (badness 2671) in paragraph at lines 610--625
\TU/NotoSerif(0)/m/n/10.95 LOAN, SECURITY...), nhận câu hỏi mới
 []


Underfull \hbox (badness 1132) in paragraph at lines 610--625
\TU/NotoSerif(0)/m/n/10.95 qua HTTP, định tuyến bằng đúng phép
 []


Underfull \hbox (badness 2884) in paragraph at lines 610--625
\TU/NotoSerif(0)/m/n/10.95 đó (đã kiểm chứng bằng client thật –
 []


Underfull \hbox (badness 1264) in paragraph at lines 653--663
\TU/NotoSerif(0)/m/n/10.95 trục (ví dụ CUSTOMER_SUPPORT và IN-
 []

(paper.bbl
Underfull \hbox (badness 1466) in paragraph at lines 9--15
[]\TU/NotoSerif(0)/m/n/10 Federico Bianchi, Silvia Terragni, and Dirk
 []


Underfull \hbox (badness 1102) in paragraph at lines 17--20
\TU/NotoSerif(0)/m/it/10 nal of Machine Learning Research\TU/NotoSerif(0)/m/n/1
0 , 3:993–
 []


Underfull \hbox (badness 10000) in paragraph at lines 29--32
[]\TU/NotoSerif(0)/m/n/10 Scott C. Deerwester, Susan T. Dumais,
 []


Underfull \hbox (badness 2012) in paragraph at lines 29--32
\TU/NotoSerif(0)/m/n/10 Thomas K. Landauer, George W. Furnas,
 []


Underfull \hbox (badness 1019) in paragraph at lines 35--39
[]\TU/NotoSerif(0)/m/n/10 Jacob Devlin, Ming-Wei Chang, Kenton Lee,
 []

[10]
Underfull \hbox (badness 3138) in paragraph at lines 51--55
[]\TU/NotoSerif(0)/m/n/10 Christian Jutten and Jeanny Herault. 1991.
 []


Underfull \hbox (badness 1237) in paragraph at lines 58--64
\TU/NotoSerif(0)/m/n/10 sen, Arnault-Quentin Vermillet, Kristoffer
 []


Underfull \hbox (badness 2894) in paragraph at lines 66--70
\TU/NotoSerif(0)/m/n/10 jection for dimension reduction.  \TU/NotoSerif(0)/m/it
/10 arXiv
 []


Underfull \hbox (badness 10000) in paragraph at lines 72--77
[]\TU/NotoSerif(0)/m/n/10 Nils Reimers and Iryna Gurevych. 2019.
 []


Underfull \hbox (badness 3668) in paragraph at lines 72--77
\TU/NotoSerif(0)/m/it/10 in Natural Language Processing and the
 []


Underfull \hbox (badness 1997) in paragraph at lines 72--77
\TU/NotoSerif(0)/m/it/10 ral Language Processing (EMNLP-IJCNLP)\TU/NotoSerif(0)
/m/n/10 ,
 []


Package lineno Warning: Line number reference failed, re-run to get it right.


Underfull \hbox (badness 1400) in paragraph at lines 84--88
\TU/NotoSerif(0)/m/n/10 William Yang Wang, and Anh Tuan Luu.
 []

) [11

] (paper.aux)
 ***********
LaTeX2e <2025-11-01>
L3 programming layer <2025-12-24>
 ***********
Package rerunfilecheck Info: File `paper.out' has not changed.
(rerunfilecheck)             Checksum: 5687E9EB8A520BFDAF3BA00A60205CB5;1219.
 ) 
Here is how much of TeX's memory you used:
 17985 strings out of 402986
 334468 string characters out of 5455748
 866109 words of memory out of 5000000
 46456 multiletter control sequences out of 15000+600000
 639998 words of font info for 134 fonts, out of 8000000 for 9000
 1348 hyphenation exceptions out of 8191
 84i,10n,99p,1004b,521s stack positions out of 10000i,1000n,20000p,200000b,200000s

Output written on paper.pdf (11 pages).
